// Jest Snapshot v1, https://goo.gl/fbAQLP

exports[`watchLoginRequest should start task to watch for the LOGIN_REQUEST action 1`] = `
Object {
  "@@redux-saga/IO": true,
  "CALL": Object {
    "args": Array [],
    "context": null,
    "fn": [Function],
  },
}
`;
